ARM Linker, 5.03 [Build 76] [MDK-ARM Standard]

==============================================================================

Section Cross References

    startup_hr8p506.o(STACK) refers (Special) to heapauxi.o(.text) for __use_two_region_memory
    startup_hr8p506.o(HEAP) refers (Special) to heapauxi.o(.text) for __use_two_region_memory
    startup_hr8p506.o(RESET) refers (Special) to heapauxi.o(.text) for __use_two_region_memory
    startup_hr8p506.o(RESET) refers to startup_hr8p506.o(STACK) for __initial_sp
    startup_hr8p506.o(RESET) refers to startup_hr8p506.o(INT) for Reset_Handler
    startup_hr8p506.o(RESET) refers to interrupt.o(.text) for SYSTICK_HANDLER
    startup_hr8p506.o(INT) refers (Special) to heapauxi.o(.text) for __use_two_region_memory
    startup_hr8p506.o(INT) refers (Weak) to interrupt.o(.text) for pint3_handler
    startup_hr8p506.o(INT) refers (Weak) to interrupt.o(.text) for pint4_handler
    startup_hr8p506.o(INT) refers (Weak) to interrupt.o(.text) for INT_UART0
    startup_hr8p506.o(INT) refers to __main.o(!!!main) for __main
    startup_hr8p506.o(INT) refers to startup_hr8p506.o(HEAP) for Heap_Mem
    startup_hr8p506.o(INT) refers to startup_hr8p506.o(STACK) for Stack_Mem
    main.o(.text) refers to scu.o(.text) for hr8p506_scu_init
    main.o(.text) refers to hal.o(.text) for SystemSoftwareInit
    main.o(.text) refers to hw2000.o(.text) for hw2000_port_init
    main.o(.text) refers to interrupt.o(.text) for hr8p506_interrupt_init
    main.o(.text) refers to baro.o(.text) for spl0601_init
    main.o(.text) refers to app.o(.text) for MissionInit
    main.o(.text) refers to flash.o(.text) for gyro_acc_dataread
    main.o(.text) refers to state_estimation.o(.text) for initialize_system_parameter
    main.o(.text) refers to parameter.o(.bss) for gvst_ThisHal
    main.o(.text) refers to parameter.o(.data) for gvu32_SystemFlag
    main.o(.text) refers to parameter.o(.data) for FLAGA
    main.o(.text) refers to parameter.o(.data) for START_MODE
    main.o(.text) refers to main.o(.data) for .data
    main.o(.text) refers to parameter.o(.data) for sleep_timer
    scu.o(.text) refers to scu.o(.data) for .data
    scu.o(.text) refers to parameter.o(.bss) for gvst_ThisBird
    scu.o(.text) refers to parameter.o(.data) for FLAGA
    scu.o(.text) refers to fylib.o(.text) for DelayMs
    scu.o(.text) refers to aeabi_sdiv.o(.text) for __aeabi_uidivmod
    scu.o(.text) refers to hw2000.o(.text) for hw2000_tx_data
    scu.o(.text) refers to parameter.o(.data) for gven_LedFlashKind
    scu.o(.text) refers to parameter.o(.data) for gvu32_SystemRunTime
    scu.o(.text) refers to parameter.o(.data) for _hw2000_irq_request
    scu.o(.text) refers to parameter.o(.data) for gvu32_SystemFlag
    scu.o(.text) refers to parameter.o(.data) for quad_id
    scu.o(.text) refers to parameter.o(.data) for quad_idf
    scu.o(.text) refers to parameter.o(.data) for data1a
    scu.o(.text) refers to parameter.o(.data) for data2a
    scu.o(.text) refers to parameter.o(.data) for channel
    scu.o(.text) refers to parameter.o(.data) for channel_num
    scu.o(.text) refers to parameter.o(.data) for realthrottlesave
    scu.o(.text) refers to parameter.o(.data) for START_MODE
    scu.o(.text) refers to parameter.o(.data) for link_select
    scu.o(.text) refers to parameter.o(.bss) for dataTel
    scu.o(.text) refers to flash.o(.text) for disable_irq
    scu.o(.text) refers to parameter.o(.bss) for gvu8_U1ReceiveBuf
    scu.o(.text) refers to parameter.o(.data) for signal_display
    scu.o(.text) refers to parameter.o(.data) for carrier_time_count
    scu.o(.text) refers to parameter.o(.data) for indexcount
    scu.o(.text) refers to scu.o(.constdata) for .constdata
    scu.o(.text) refers to parameter.o(.data) for quad_unlock
    scu.o(.text) refers to parameter.o(.data) for life
    scu.o(.text) refers to parameter.o(.data) for tx_rx_delayms
    interrupt.o(.text) refers to hw2000.o(.text) for hw2000_rx_data
    interrupt.o(.text) refers to fylib.o(.text) for TelDatCheck
    interrupt.o(.text) refers to flash.o(.text) for disable_irq
    interrupt.o(.text) refers to hal.o(.text) for LedFlash
    interrupt.o(.text) refers to parameter.o(.data) for FLAGA
    interrupt.o(.text) refers to parameter.o(.data) for START_MODE
    interrupt.o(.text) refers to parameter.o(.bss) for dataTel
    interrupt.o(.text) refers to parameter.o(.data) for _hw2000_irq_request
    interrupt.o(.text) refers to parameter.o(.data) for gvu32_SystemFlag
    interrupt.o(.text) refers to parameter.o(.data) for link_select
    interrupt.o(.text) refers to parameter.o(.data) for quad_idf
    interrupt.o(.text) refers to parameter.o(.bss) for gvst_ThisBird
    interrupt.o(.text) refers to parameter.o(.bss) for dataTX
    interrupt.o(.text) refers to parameter.o(.data) for hold_high_statue
    interrupt.o(.text) refers to parameter.o(.data) for realthrottlesave
[...]
    _fadd1                                   0x00008399   Thumb Code     0  faddsub.o(x$fpl$fadd)
    x$fpl$fleqf                              0x00008418   Section       84  flef.o(x$fpl$fleqf)
    x$fpl$fmul                               0x0000846c   Section      176  fmul.o(x$fpl$fmul)
    x$fpl$frleqf                             0x0000851c   Section       88  frlef.o(x$fpl$frleqf)
    x$fpl$frsb                               0x00008574   Section       24  faddsub.o(x$fpl$frsb)
    x$fpl$fsub                               0x0000858c   Section      208  faddsub.o(x$fpl$fsub)
    _fsub1                                   0x00008599   Thumb Code     0  faddsub.o(x$fpl$fsub)
    .constdata                               0x0000865c   Section       40  scu.o(.constdata)
    x$fpl$usenofp                            0x0000865c   Section        0  usenofp.o(x$fpl$usenofp)
    .constdata                               0x00008684   Section       36  hw2000.o(.constdata)
    .constdata                               0x000086a8   Section      128  ddiv.o(.constdata)
    ddiv_reciptbl                            0x000086a8   Data         128  ddiv.o(.constdata)
    .constdata                               0x00008728   Section       64  fdiv.o(.constdata)
    fdiv_tab                                 0x00008728   Data          64  fdiv.o(.constdata)
    .constdata                               0x00008768   Section       80  asin.o(.constdata)
    pS                                       0x00008768   Data          48  asin.o(.constdata)
    qS                                       0x00008798   Data          32  asin.o(.constdata)
    .constdata                               0x000087b8   Section      152  atan.o(.constdata)
    atanhi                                   0x000087b8   Data          32  atan.o(.constdata)
    atanlo                                   0x000087d8   Data          32  atan.o(.constdata)
    aTodd                                    0x000087f8   Data          40  atan.o(.constdata)
    aTeven                                   0x00008820   Data          48  atan.o(.constdata)
    .constdata                               0x00008850   Section       48  cos_i.o(.constdata)
    C                                        0x00008850   Data          48  cos_i.o(.constdata)
    .constdata                               0x00008880   Section        8  qnan.o(.constdata)
    .constdata                               0x00008888   Section      200  rred.o(.constdata)
    pio2s                                    0x00008888   Data          48  rred.o(.constdata)
    twooverpi                                0x000088b8   Data         152  rred.o(.constdata)
    .constdata                               0x00008950   Section       40  sin_i.o(.constdata)
    S                                        0x00008950   Data          40  sin_i.o(.constdata)
    .data                                    0x20000000   Section        4  main.o(.data)
    kaiji                                    0x20000000   Data           1  main.o(.data)
    sleep_key_timer1                         0x20000001   Data           1  main.o(.data)
    sleep_key_timer                          0x20000002   Data           2  main.o(.data)
    .data                                    0x20000004   Section       18  scu.o(.data)
    adc_ch                                   0x20000004   Data           1  scu.o(.data)
    sendtx_count                             0x20000005   Data           1  scu.o(.data)
    tel_timer                                0x20000006   Data           1  scu.o(.data)
    mpu6050_acc                              0x2000000a   Data           6  scu.o(.data)
    mpu6050_gyro                             0x20000010   Data           6  scu.o(.data)
    .data                                    0x20000018   Section       24  interrupt.o(.data)
    low_battery_count                        0x20000018   Data           1  interrupt.o(.data)
    gyro_calcount                            0x2000001a   Data           1  interrupt.o(.data)
    reset_wifi_time                          0x2000001c   Data           2  interrupt.o(.data)
    TX_waittimer                             0x2000001e   Data           2  interrupt.o(.data)
    oc_pwm_timer                             0x20000020   Data           2  interrupt.o(.data)
    lv32_ReadTelCnt                          0x20000024   Data           4  interrupt.o(.data)
    lv32_ReadIMUCnt                          0x20000028   Data           4  interrupt.o(.data)
    lv32_PhotoCnt                            0x2000002c   Data           4  interrupt.o(.data)
    .data                                    0x20000030   Section      588  app.o(.data)
    pid_timer                                0x20000030   Data           1  app.o(.data)
    SPPED_GEARS                              0x20000031   Data           1  app.o(.data)
    FALL_com_up                              0x20000032   Data           1  app.o(.data)
    angle_up                                 0x20000033   Data           1  app.o(.data)
    delay_yawtimer                           0x20000034   Data           1  app.o(.data)
    delay_yawtimer1                          0x20000035   Data           1  app.o(.data)
    Special_register1                        0x20000036   Data           1  app.o(.data)
    Special_register2                        0x20000037   Data           1  app.o(.data)
    Special_register3                        0x20000038   Data           1  app.o(.data)
    slow_down_timer                          0x20000039   Data           1  app.o(.data)
    slow_down_detect                         0x2000003a   Data           1  app.o(.data)
    down_stop_count                          0x2000003b   Data           1  app.o(.data)
    fall_flag_clear_timer                    0x2000003c   Data           1  app.o(.data)
    alt_auto_mode                            0x2000003d   Data           1  app.o(.data)
    check_cal                                0x2000003e   Data           1  app.o(.data)
    onekeyup_flagclear                       0x2000003f   Data           1  app.o(.data)
    power_low1                               0x20000040   Data           1  app.o(.data)
    power_low3                               0x20000041   Data           1  app.o(.data)
    power_low4                               0x20000042   Data           1  app.o(.data)
    power_low5                               0x20000043   Data           1  app.o(.data)
    power_low6                               0x20000044   Data           1  app.o(.data)
    power_low_top                            0x20000045   Data           1  app.o(.data)
    timer                                    0x20000046   Data           1  app.o(.data)
    flip_finish_timer                        0x20000048   Data           2  app.o(.data)
    motor_zero_timer                         0x2000004e   Data           2  app.o(.data)
    tmp_thr                                  0x20000050   Data           2  app.o(.data)
    cal_over_timer                           0x20000052   Data           2  app.o(.data)
    FALL_com_down                            0x20000054   Data           2  app.o(.data)
    data_fallfb                              0x20000056   Data           2  app.o(.data)
    data_falllr                              0x20000058   Data           2  app.o(.data)
    FALL_timer                               0x2000005a   Data           2  app.o(.data)
    tmp_acc_x                                0x2000005c   Data           2  app.o(.data)
    tmp_acc_y                                0x2000005e   Data           2  app.o(.data)
    tmp_acc_z                                0x20000060   Data           2  app.o(.data)
    thr_max                                  0x20000062   Data           2  app.o(.data)
    MV_BKVOL_OFF1                            0x20000064   Data           2  app.o(.data)
    MV_BKVOL_OFF2                            0x20000066   Data           2  app.o(.data)
    MV_BKVOL_OFF3                            0x20000068   Data           2  app.o(.data)
    MV_BKVOL_OFF4                            0x2000006a   Data           2  app.o(.data)
    Power_average_count                      0x2000006c   Data           2  app.o(.data)
    MV_RATE_TEL                              0x20000070   Data           4  app.o(.data)
    twoKp                                    0x20000074   Data           4  app.o(.data)
    twoKi                                    0x20000078   Data           4  app.o(.data)
    integralFBx                              0x2000007c   Data           4  app.o(.data)
    integralFBy                              0x20000080   Data           4  app.o(.data)
    integralFBz                              0x20000084   Data           4  app.o(.data)
    sampleFreq                               0x20000088   Data           4  app.o(.data)
    q0                                       0x2000008c   Data           4  app.o(.data)
    q1                                       0x20000090   Data           4  app.o(.data)
    q2                                       0x20000094   Data           4  app.o(.data)
    q3                                       0x20000098   Data           4  app.o(.data)
    ax                                       0x2000009c   Data           4  app.o(.data)
    ay                                       0x200000a0   Data           4  app.o(.data)
    az                                       0x200000a4   Data           4  app.o(.data)
    gx                                       0x200000a8   Data           4  app.o(.data)
    gy                                       0x200000ac   Data           4  app.o(.data)
    gz                                       0x200000b0   Data           4  app.o(.data)
    gyro_x                                   0x200000b4   Data           4  app.o(.data)
    gyro_y                                   0x200000b8   Data           4  app.o(.data)
    gyro_z                                   0x200000bc   Data           4  app.o(.data)
    acc_x                                    0x200000c0   Data           4  app.o(.data)
    acc_y                                    0x200000c4   Data           4  app.o(.data)
    acc_z                                    0x200000c8   Data           4  app.o(.data)
    gyro_x_pid                               0x200000cc   Data           4  app.o(.data)
    gyro_y_pid                               0x200000d0   Data           4  app.o(.data)
    gyro_z_pid                               0x200000d4   Data           4  app.o(.data)
    telthrottle                              0x200000d8   Data           4  app.o(.data)
    telyaw                                   0x200000dc   Data           4  app.o(.data)
    telroll                                  0x200000e0   Data           4  app.o(.data)
    telpitch                                 0x200000e4   Data           4  app.o(.data)
    realthrottle                             0x200000e8   Data           4  app.o(.data)
    realthrottleFALL                         0x200000ec   Data           4  app.o(.data)
    lvsfp_1st_pitch_kp                       0x20000100   Data           4  app.o(.data)
    lvsfp_1st_pitch_ki                       0x20000104   Data           4  app.o(.data)
    lvsfp_1st_pitch_kd                       0x20000108   Data           4  app.o(.data)
    lvsfp_1st_roll_kp                        0x2000010c   Data           4  app.o(.data)
    lvsfp_1st_roll_ki                        0x20000110   Data           4  app.o(.data)
    lvsfp_1st_roll_kd                        0x20000114   Data           4  app.o(.data)
    lvsfp_1st_yaw_kp                         0x20000118   Data           4  app.o(.data)
    lvsfp_1st_yaw_ki                         0x2000011c   Data           4  app.o(.data)
    lvsfp_1st_yaw_kd                         0x20000120   Data           4  app.o(.data)
    lvsfp_2nd_pitch_kp                       0x20000124   Data           4  app.o(.data)
    lvsfp_2nd_pitch_ki                       0x20000128   Data           4  app.o(.data)
    lvsfp_2nd_pitch_kd                       0x2000012c   Data           4  app.o(.data)
    lvsfp_2nd_roll_kp                        0x20000130   Data           4  app.o(.data)
    lvsfp_2nd_roll_ki                        0x20000134   Data           4  app.o(.data)
    lvsfp_2nd_roll_kd                        0x20000138   Data           4  app.o(.data)
    lvsfp_2nd_yaw_kp                         0x2000013c   Data           4  app.o(.data)
    lvsfp_2nd_yaw_ki                         0x20000140   Data           4  app.o(.data)
    lvsfp_2nd_yaw_kd                         0x20000144   Data           4  app.o(.data)
    gvfpacc_TelMovRangLim                    0x20000148   Data           4  app.o(.data)
    lsvfp_RealYawRate                        0x2000014c   Data           4  app.o(.data)
    yaw_dvalue                               0x20000150   Data           4  app.o(.data)
    lsv32_GetZeroTimeCnt                     0x20000154   Data           4  app.o(.data)
    lsv32_ClearPidLinkTimeCnt                0x20000158   Data           4  app.o(.data)
    lsv32_GetErrTimeCnt                      0x2000015c   Data           4  app.o(.data)
    ls32_FalloffGoUpCnt                      0x20000164   Data           4  app.o(.data)
    fall_pitch_off                           0x20000168   Data           4  app.o(.data)
    fall_roll_off                            0x2000016c   Data           4  app.o(.data)
    fall_yaw_off                             0x20000170   Data           4  app.o(.data)
    abs_pitch1                               0x20000174   Data           4  app.o(.data)
    abs_roll1                                0x20000178   Data           4  app.o(.data)
    no_head_fb                               0x2000017c   Data           4  app.o(.data)
    no_head_lr                               0x20000180   Data           4  app.o(.data)
    com_yawangle                             0x20000184   Data           4  app.o(.data)
    yaw_fall_nohead                          0x20000190   Data           4  app.o(.data)
    last_time                                0x20000194   Data           4  app.o(.data)
    last_Dtime                               0x20000198   Data           4  app.o(.data)
    pid_dtimer                               0x2000019c   Data           4  app.o(.data)
    lu32_mbk1cnt                             0x200001a0   Data           4  app.o(.data)
    lu32_mbk2cnt                             0x200001a4   Data           4  app.o(.data)
    lu32_mbk3cnt                             0x200001a8   Data           4  app.o(.data)
    lu32_mbk4cnt                             0x200001ac   Data           4  app.o(.data)
    Power_sum                                0x200001b0   Data           4  app.o(.data)
    lsvst_ThisZAxis                          0x200001b4   Data           8  app.o(.data)
    rad_angle                                0x200001c0   Data           8  app.o(.data)
    .data                                    0x2000027c   Section        4  fylib.o(.data)
    mss                                      0x2000027c   Data           4  fylib.o(.data)
    .data                                    0x20000280   Section        8  hal.o(.data)
    lvu32_LedFlashCnt                        0x20000280   Data           4  hal.o(.data)
    lvu32_Ledtestcount                       0x20000284   Data           4  hal.o(.data)
    .data                                    0x20000288   Section        4  parameter.o(.data)
    .data                                    0x2000028c   Section        4  parameter.o(.data)
    .data                                    0x20000290   Section        4  parameter.o(.data)
    .data                                    0x20000294   Section        1  parameter.o(.data)
    .data                                    0x20000295   Section        1  parameter.o(.data)
    .data                                    0x20000296   Section        1  parameter.o(.data)
    .data                                    0x20000297   Section        1  parameter.o(.data)
    .data                                    0x20000298   Section        4  parameter.o(.data)
    .data                                    0x2000029c   Section        1  parameter.o(.data)
    .data                                    0x2000029e   Section        2  parameter.o(.data)
    .data                                    0x200002a0   Section        2  parameter.o(.data)
    .data                                    0x200002a4   Section        4  parameter.o(.data)
    .data                                    0x200002a8   Section        1  parameter.o(.data)
    .data                                    0x200002aa   Section        2  parameter.o(.data)
    .data                                    0x200002ac   Section        2  parameter.o(.data)
    .data                                    0x200002b0   Section        4  parameter.o(.data)
    .data                                    0x200002b4   Section        4  parameter.o(.data)
    .data                                    0x200002b8   Section        1  parameter.o(.data)
    .data                                    0x200002b9   Section        1  parameter.o(.data)
    .data                                    0x200002ba   Section        1  parameter.o(.data)
    .data                                    0x200002bb   Section        1  parameter.o(.data)
    .data                                    0x200002bc   Section        2  parameter.o(.data)
    .data                                    0x200002be   Section        1  parameter.o(.data)
    .data                                    0x200002c0   Section        4  parameter.o(.data)
    .data                                    0x200002c4   Section        4  parameter.o(.data)
    .data                                    0x200002c8   Section        1  parameter.o(.data)
    .data                                    0x200002c9   Section        5  parameter.o(.data)
    .data                                    0x200002ce   Section        1  parameter.o(.data)
    .data                                    0x200002d0   Section        2  parameter.o(.data)
    .data                                    0x200002d4   Section        4  parameter.o(.data)
    .data                                    0x200002d8   Section        4  parameter.o(.data)
    .data                                    0x200002dc   Section        4  parameter.o(.data)
    .data                                    0x200002e0   Section        4  parameter.o(.data)
    .data                                    0x200002e4   Section        1  parameter.o(.data)
    .data                                    0x200002e6   Section        2  parameter.o(.data)
    .data                                    0x200002e8   Section        2  parameter.o(.data)
    .data                                    0x200002ea   Section        2  parameter.o(.data)
    .data                                    0x200002ec   Section        2  parameter.o(.data)
    .data                                    0x200002f0   Section        4  parameter.o(.data)
    .data                                    0x200002f4   Section        1  hw2000.o(.data)
    .data                                    0x200002f6   Section       10  altitude.o(.data)
    thr_deblock_count                        0x200002f6   Data           1  altitude.o(.data)
    thr_block_count                          0x200002f7   Data           1  altitude.o(.data)
    up_flag                                  0x200002f8   Data           1  altitude.o(.data)
    up_flag1                                 0x200002f9   Data           1  altitude.o(.data)
    down_flag1                               0x200002fa   Data           1  altitude.o(.data)
    throttle_stop_advalue                    0x200002fb   Data           1  altitude.o(.data)
    fall_count                               0x200002fc   Data           1  altitude.o(.data)
    block_timer                              0x200002fe   Data           2  altitude.o(.data)
    .data                                    0x20000300   Section       16  baro.o(.data)
    baro_home_count                          0x20000300   Data           1  baro.o(.data)
    readbarocnt                              0x20000304   Data           4  baro.o(.data)
    baro_homef                               0x20000308   Data           4  baro.o(.data)
    p_spl0601                                0x2000030c   Data           4  baro.o(.data)
    .data                                    0x20000310   Section       96  altitude1.o(.data)
    slow_down_count                          0x20000310   Data           1  altitude1.o(.data)
    Stop_Motor                               0x20000311   Data           1  altitude1.o(.data)
    up_down_add                              0x20000312   Data           1  altitude1.o(.data)
    angle_timer                              0x20000314   Data           2  altitude1.o(.data)
    down_time                                0x20000316   Data           2  altitude1.o(.data)
    real_acczz                               0x20000318   Data           2  altitude1.o(.data)
    up_down_count                            0x2000031a   Data           2  altitude1.o(.data)
    onekeyup_surecount                       0x2000031c   Data           2  altitude1.o(.data)
    stable_timer                             0x2000031e   Data           2  altitude1.o(.data)
    fblr_recover                             0x20000320   Data           2  altitude1.o(.data)
    fblr_toup                                0x20000322   Data           2  altitude1.o(.data)
    estimate_alti                            0x20000328   Data           4  altitude1.o(.data)
    estimate_veli                            0x2000032c   Data           4  altitude1.o(.data)
    abs_pitch                                0x20000330   Data           4  altitude1.o(.data)
    abs_pitchrollf                           0x20000334   Data           4  altitude1.o(.data)
    abs_roll                                 0x20000338   Data           4  altitude1.o(.data)
    estimate_altp                            0x20000340   Data           4  altitude1.o(.data)
    estimate_altd                            0x20000344   Data           4  altitude1.o(.data)
    estimate_aerrorf                         0x20000348   Data           4  altitude1.o(.data)
    estimate_velp                            0x2000034c   Data           4  altitude1.o(.data)
    estimate_veld                            0x20000350   Data           4  altitude1.o(.data)
    estimate_verrorf                         0x20000354   Data           4  altitude1.o(.data)
    position_error                           0x20000358   Data           4  altitude1.o(.data)
    velocity_error                           0x2000035c   Data           4  altitude1.o(.data)
    acc_xyz                                  0x20000360   Data           6  altitude1.o(.data)
    .data                                    0x20000370   Section       52  state_estimation.o(.data)
    .bss                                     0x200003a4   Section      320  app.o(.bss)
    birdpitch_1st_link                       0x200003a4   Data          32  app.o(.bss)
    birdroll_1st_link                        0x200003c4   Data          32  app.o(.bss)
    birdyaw_1st_link                         0x200003e4   Data          32  app.o(.bss)
    birdheight_1st_link                      0x20000404   Data          32  app.o(.bss)
    birdpitch_2nd_link                       0x20000424   Data          32  app.o(.bss)
    birdroll_2nd_link                        0x20000444   Data          32  app.o(.bss)
    birdyaw_2nd_link                         0x20000464   Data          32  app.o(.bss)
    birdheight_2nd_link                      0x20000484   Data          32  app.o(.bss)
    Breaking_Car                             0x200004a4   Data          40  app.o(.bss)
    read_6050_datf                           0x200004cc   Data          12  app.o(.bss)
    read_6050_datf1                          0x200004d8   Data          12  app.o(.bss)
    .bss                                     0x200004e4   Section       64  parameter.o(.bss)
    .bss                                     0x20000524   Section       64  parameter.o(.bss)
    .bss                                     0x20000564   Section      188  parameter.o(.bss)
    .bss                                     0x20000620   Section       11  parameter.o(.bss)
    .bss                                     0x2000062b   Section       20  parameter.o(.bss)
    .bss                                     0x2000063f   Section       10  parameter.o(.bss)
    .bss                                     0x2000064c   Section       44  baro.o(.bss)
    spl0601                                  0x2000064c   Data          44  baro.o(.bss)
    .bss                                     0x20000678   Section       64  altitude1.o(.bss)
    .bss                                     0x200006b8   Section       96  libspace.o(.bss)
    HEAP                                     0x20000718   Section        0  startup_hr8p506.o(HEAP)
    STACK                                    0x20000718   Section     2048  startup_hr8p506.o(STACK)
    Heap_Mem                                 0x20000718   Data           0  startup_hr8p506.o(HEAP)
    Stack_Mem                                0x20000718   Data        2048  startup_hr8p506.o(STACK)
    __initial_sp                             0x20000f18   Data           0  startup_hr8p506.o(STACK)

    Global Symbols

    Symbol Name                              Value     Ov Type        Size  Object(Section)

    BuildAttributes$$THM_ISAv3M$S$PE$A:L22$X:L11$S22$IEEE1$IW$USESV6$~STKCKD$USESV7$~SHL$OTIME$ROPI$IEEEX$EBA8$UX$STANDARDLIB$REQ8$EABIv2 0x00000000   Number         0  anon$$obj.o ABSOLUTE
    __ARM_use_no_argv                        0x00000000   Number         0  main.o ABSOLUTE
    __Vectors                                0x00000000   Data           0  startup_hr8p506.o(RESET)
    INT_ADC                                   - Undefined Weak Reference
    INT_CCM                                   - Undefined Weak Reference
    INT_EUART0                                - Undefined Weak Reference
    INT_HARDFAULT                             - Undefined Weak Reference
    INT_I2C0                                  - Undefined Weak Reference
    INT_I2C1                                  - Undefined Weak Reference
    INT_KINT                                  - Undefined Weak Reference
    INT_LCD                                   - Undefined Weak Reference
    INT_NMI                                   - Undefined Weak Reference
    INT_PENDSV                                - Undefined Weak Reference
    INT_PINT0                                 - Undefined Weak Reference
    INT_PINT1                                 - Undefined Weak Reference
    INT_PINT2                                 - Undefined Weak Reference
    INT_PINT7                                 - Undefined Weak Reference
    INT_RTC                                   - Undefined Weak Reference
    INT_SPI0                                  - Undefined Weak Reference
    INT_SPI1                                  - Undefined Weak Reference
    INT_SVC                                   - Undefined Weak Reference
    INT_SYSTICK                               - Undefined Weak Reference
    INT_T16N0                                 - Undefined Weak Reference
    INT_T16N1                                 - Undefined Weak Reference
    INT_T16N2                                 - Undefined Weak Reference
    INT_T16N3                                 - Undefined Weak Reference
    INT_T32N0                                 - Undefined Weak Reference
    INT_T32N1                                 - Undefined Weak Reference
    INT_TWDT                                  - Undefined Weak Reference
    INT_UART1                                 - Undefined Weak Reference
    __ARM_exceptions_init                     - Undefined Weak Reference
    __alloca_initialize                       - Undefined Weak Reference
    __cpp_initialize__aeabi_                  - Undefined Weak Reference
    __cxa_finalize                            - Undefined Weak Reference
    __rt_locale                               - Undefined Weak Reference
    __sigvec_lookup                           - Undefined Weak Reference
    _atexit_init                              - Undefined Weak Reference
    _call_atexit_fns                          - Undefined Weak Reference
    _clock_init                               - Undefined Weak Reference
    _fp_trap_init                             - Undefined Weak Reference
    _fp_trap_shutdown                         - Undefined Weak Reference
    _get_lc_collate                           - Undefined Weak Reference
    _get_lc_ctype                             - Undefined Weak Reference
    _get_lc_monetary                          - Undefined Weak Reference
    _get_lc_numeric                           - Undefined Weak Reference
    _get_lc_time                              - Undefined Weak Reference
    _getenv_init                              - Undefined Weak Reference
    _handle_redirection                       - Undefined Weak Reference
    _init_alloc                               - Undefined Weak Reference
    _init_user_alloc                          - Undefined Weak Reference
    _initio                                   - Undefined Weak Reference
    _rand_init                                - Undefined Weak Reference
    _signal_finish                            - Undefined Weak Reference
    _signal_init                              - Undefined Weak Reference
    _terminate_alloc                          - Undefined Weak Reference
    _terminate_user_alloc                     - Undefined Weak Reference
    _terminateio                              - Undefined Weak Reference
    pint5_handler                             - Undefined Weak Reference
    pint6_handler                             - Undefined Weak Reference
    __main                                   0x000000c1   Thumb Code     8  __main.o(!!!main)
    __scatterload                            0x000000c9   Thumb Code     0  __scatter.o(!!!scatter)
    __scatterload_rt2                        0x000000c9   Thumb Code    52  __scatter.o(!!!scatter)
    __scatterload_rt2_thumb_only             0x000000c9   Thumb Code     0  __scatter.o(!!!scatter)
    __scatterload_null                       0x000000d9   Thumb Code     0  __scatter.o(!!!scatter)
    __scatterload_zeroinit                   0x00000105   Thumb Code    28  __scatter_zi.o(!!handler_zi)
    __rt_lib_init                            0x00000121   Thumb Code     0  libinit.o(.ARM.Collect$$libinit$$00000000)
    __rt_lib_init_fp_1                       0x00000123   Thumb Code     0  libinit2.o(.ARM.Collect$$libinit$$00000001)
    __rt_lib_init_alloca_1                   0x00000127   Thumb Code     0  libinit2.o(.ARM.Collect$$libinit$$0000002C)
    __rt_lib_init_argv_1                     0x00000127   Thumb Code     0  libinit2.o(.ARM.Collect$$libinit$$0000002A)
    __rt_lib_init_atexit_1                   0x00000127   Thumb Code     0  libinit2.o(.ARM.Collect$$libinit$$00000019)
    __rt_lib_init_clock_1                    0x00000127   Thumb Code     0  libinit2.o(.ARM.Collect$$libinit$$0000001F)
    __rt_lib_init_cpp_1                      0x00000127   Thumb Code     0  libinit2.o(.ARM.Collect$$libinit$$00000030)
    __rt_lib_init_exceptions_1               0x00000127   Thumb Code     0  libinit2.o(.ARM.Collect$$libinit$$0000002E)
    __rt_lib_init_fp_trap_1                  0x00000127   Thumb Code     0  libinit2.o(.ARM.Collect$$libinit$$0000001D)
    __rt_lib_init_getenv_1                   0x00000127   Thumb Code     0  libinit2.o(.ARM.Collect$$libinit$$00000021)
    __rt_lib_init_heap_1                     0x00000127   Thumb Code     0  libinit2.o(.ARM.Collect$$libinit$$00000008)
    __rt_lib_init_lc_collate_1               0x00000127   Thumb Code     0  libinit2.o(.ARM.Collect$$libinit$$0000000F)
    __rt_lib_init_lc_ctype_1                 0x00000127   Thumb Code     0  libinit2.o(.ARM.Collect$$libinit$$00000011)
    __rt_lib_init_lc_monetary_1              0x00000127   Thumb Code     0  libinit2.o(.ARM.Collect$$libinit$$00000013)
    __rt_lib_init_lc_numeric_1               0x00000127   Thumb Code     0  libinit2.o(.ARM.Collect$$libinit$$00000015)
    __rt_lib_init_lc_time_1                  0x00000127   Thumb Code     0  libinit2.o(.ARM.Collect$$libinit$$00000017)
    __rt_lib_init_rand_1                     0x00000127   Thumb Code     0  libinit2.o(.ARM.Collect$$libinit$$0000000C)
    __rt_lib_init_return                     0x00000127   Thumb Code     0  libinit2.o(.ARM.Collect$$libinit$$00000031)
    __rt_lib_init_signal_1                   0x00000127   Thumb Code     0  libinit2.o(.ARM.Collect$$libinit$$0000001B)
    __rt_lib_init_stdio_1                    0x00000127   Thumb Code     0  libinit2.o(.ARM.Collect$$libinit$$00000023)
    __rt_lib_init_user_alloc_1               0x00000127   Thumb Code     0  libinit2.o(.ARM.Collect$$libinit$$0000000A)
    __rt_lib_shutdown                        0x00000129   Thumb Code     0  libshutdown.o(.ARM.Collect$$libshutdown$$00000000)
    __rt_lib_shutdown_fp_trap_1              0x0000012b   Thumb Code     0  libshutdown2.o(.ARM.Collect$$libshutdown$$00000006)
    __rt_lib_shutdown_heap_1                 0x0000012b   Thumb Code     0  libshutdown2.o(.ARM.Collect$$libshutdown$$0000000E)
    __rt_lib_shutdown_return                 0x0000012b   Thumb Code     0  libshutdown2.o(.ARM.Collect$$libshutdown$$0000000F)
    __rt_lib_shutdown_signal_1               0x0000012b   Thumb Code     0  libshutdown2.o(.ARM.Collect$$libshutdown$$00000009)
    __rt_lib_shutdown_stdio_1                0x0000012b   Thumb Code     0  libshutdown2.o(.ARM.Collect$$libshutdown$$00000003)
    __rt_lib_shutdown_user_alloc_1           0x0000012b   Thumb Code     0  libshutdown2.o(.ARM.Collect$$libshutdown$$0000000B)
    __rt_entry                               0x0000012d   Thumb Code     0  rtentry.o(.ARM.Collect$$rtentry$$00000000)
    __rt_entry_presh_1                       0x0000012d   Thumb Code     0  rtentry2.o(.ARM.Collect$$rtentry$$00000002)
    __rt_entry_sh                            0x0000012d   Thumb Code     0  rtentry4.o(.ARM.Collect$$rtentry$$00000004)
    __rt_entry_li                            0x00000133   Thumb Code     0  rtentry2.o(.ARM.Collect$$rtentry$$0000000A)
    __rt_entry_postsh_1                      0x00000133   Thumb Code     0  rtentry2.o(.ARM.Collect$$rtentry$$00000009)
    __rt_entry_main                          0x00000137   Thumb Code     0  rtentry2.o(.ARM.Collect$$rtentry$$0000000D)
    __rt_entry_postli_1                      0x00000137   Thumb Code     0  rtentry2.o(.ARM.Collect$$rtentry$$0000000C)
    __rt_exit                                0x0000013f   Thumb Code     0  rtexit.o(.ARM.Collect$$rtexit$$00000000)
    __rt_exit_ls                             0x00000141   Thumb Code     0  rtexit2.o(.ARM.Collect$$rtexit$$00000003)
    __rt_exit_prels_1                        0x00000141   Thumb Code     0  rtexit2.o(.ARM.Collect$$rtexit$$00000002)
    __rt_exit_exit                           0x00000145   Thumb Code     0  rtexit2.o(.ARM.Collect$$rtexit$$00000004)
    hw2181_iapop_words_program               0x0000014d   Thumb Code    12  flash.o(.emb_text)
    __aeabi_memcpy4                          0x0000015d   Thumb Code    56  rt_memcpy.o(.emb_text)
    __aeabi_memcpy8                          0x0000015d   Thumb Code     0  rt_memcpy.o(.emb_text)
    main                                     0x00000195   Thumb Code   176  main.o(.text)
    sleep_key                                0x00000245   Thumb Code   166  main.o(.text)
    sleep                                    0x000002eb   Thumb Code    70  main.o(.text)
    hr8p506_scu_init                         0x00000365   Thumb Code    44  scu.o(.text)
    hr8p506_led_on                           0x00000391   Thumb Code    18  scu.o(.text)
    hr8p506_led_off                          0x000003a3   Thumb Code    18  scu.o(.text)
    hw2181_t32n0_init                        0x000003b5   Thumb Code    30  scu.o(.text)
    hw2181_uart_init                         0x000003d3   Thumb Code   104  scu.o(.text)
    hw2181_uart_tx                           0x0000043b   Thumb Code    32  scu.o(.text)
    SystemGPIOInit                           0x0000045b   Thumb Code   182  scu.o(.text)
    GPIOA_READ                               0x00000511   Thumb Code    20  scu.o(.text)
    delay_ms                                 0x00000525   Thumb Code    22  scu.o(.text)
    hr8p506_adc_init                         0x0000053b   Thumb Code    98  scu.o(.text)
    hr8p506_adc_sample                       0x0000059d   Thumb Code    42  scu.o(.text)
    all_adc_read                             0x000005c7   Thumb Code   154  scu.o(.text)
    hr8p506_motor_init                       0x00000661   Thumb Code    44  scu.o(.text)
    close_pwm                                0x0000068d   Thumb Code    16  scu.o(.text)
    open_pwm                                 0x0000069d   Thumb Code    48  scu.o(.text)
    hr8p506_i2c_read                         0x000006cd   Thumb Code   464  scu.o(.text)
    hr8p506_i2c_write                        0x0000089d   Thumb Code   246  scu.o(.text)
    Mpu6881Initial                           0x00000993   Thumb Code   196  scu.o(.text)
    SystemGetMirco                           0x00000acf   Thumb Code    30  scu.o(.text)
    send_tx                                  0x00000aed   Thumb Code   196  scu.o(.text)
    SystemHalInit                            0x00000de3   Thumb Code    22  scu.o(.text)
    hr8p506_interrupt_init                   0x00000e5d   Thumb Code    64  interrupt.o(.text)
    pint3_handler                            0x00000e9d   Thumb Code   318  interrupt.o(.text)
    pint4_handler                            0x00000fdb   Thumb Code     8  interrupt.o(.text)
    SYSTICK_HANDLER                          0x00000fe3   Thumb Code   452  interrupt.o(.text)
    INT_UART0                                0x000011a7   Thumb Code    94  interrupt.o(.text)
    no_derection_fly                         0x000014f9   Thumb Code   188  app.o(.text)
    Data_To_APP                              0x000016d1   Thumb Code   438  app.o(.text)
    WatchVol                                 0x00003761   Thumb Code  1180  app.o(.text)
    MissionInit                              0x00003bfd   Thumb Code     8  app.o(.text)
    MissionLoop                              0x00003c05   Thumb Code   340  app.o(.text)
    fgetc                                    0x00003d81   Thumb Code     4  fylib.o(.text)
    ferror                                   0x00003d85   Thumb Code     6  fylib.o(.text)
    _sys_exit                                0x00003d8b   Thumb Code     2  fylib.o(.text)
    DelayMs                                  0x00003d8d   Thumb Code    34  fylib.o(.text)
    delayus                                  0x00003daf   Thumb Code     6  fylib.o(.text)
    DT_Send_Senser                           0x00003db5   Thumb Code   330  fylib.o(.text)
    TelDatCheck                              0x00003eff   Thumb Code    56  fylib.o(.text)
    Fylib_Delays                             0x00003f37   Thumb Code    10  fylib.o(.text)
    Fylib_DelayMs                            0x00003f41   Thumb Code    16  fylib.o(.text)
    Fylib_Qrsqrt                             0x00003f51   Thumb Code    50  fylib.o(.text)
    Fylib_ConstrainF                         0x00003f83   Thumb Code    40  fylib.o(.text)
    Fylib_Constrain                          0x00003fab   Thumb Code    16  fylib.o(.text)
    FL_ABS                                   0x00003fbb   Thumb Code    12  fylib.o(.text)
    SystemSoftwareInit                       0x00003fd9   Thumb Code    24  hal.o(.text)
    LedFlash                                 0x00003ff1   Thumb Code   352  hal.o(.text)
    hw2000_write_reg                         0x00004165   Thumb Code    54  hw2000.o(.text)
    hw2000_read_reg                          0x0000419b   Thumb Code    64  hw2000.o(.text)
    hw2000_write_fifo                        0x000041db   Thumb Code    58  hw2000.o(.text)
    hw2000_read_fifo                         0x00004215   Thumb Code    64  hw2000.o(.text)
    hw2000_port_init                         0x00004255   Thumb Code    88  hw2000.o(.text)
    hw2000_init_250k                         0x000042ad   Thumb Code   222  hw2000.o(.text)
    hw2000_tx_data                           0x0000438b   Thumb Code   146  hw2000.o(.text)
    hw2000_rx_enable                         0x0000441d   Thumb Code    84  hw2000.o(.text)
    hw2000_rx_data                           0x00004471   Thumb Code   158  hw2000.o(.text)
    radio_carrier_detect                     0x0000450f   Thumb Code   236  hw2000.o(.text)
    hw2000_power_test                        0x000045fb   Thumb Code    38  hw2000.o(.text)
    hr8p506_delay_ms                         0x00004625   Thumb Code    20  timer.o(.text)
    hw2181_flash_read                        0x00004639   Thumb Code    18  flash.o(.text)
    iap_enable                               0x0000464b   Thumb Code     8  flash.o(.text)
    erase_iappa                              0x00004653   Thumb Code    42  flash.o(.text)
    enable_irq                               0x0000467d   Thumb Code     8  flash.o(.text)
    disable_irq                              0x00004685   Thumb Code    14  flash.o(.text)
    program_iappa                            0x00004693   Thumb Code    26  flash.o(.text)
    gyro_acc_dataread                        0x000046ad   Thumb Code    90  flash.o(.text)
    gyro_acc_datasave                        0x00004707   Thumb Code    88  flash.o(.text)
    iap_disable                              0x0000475f   Thumb Code     8  flash.o(.text)
    iap_operation_enable                     0x00004767   Thumb Code    30  flash.o(.text)
    iap_operation_disable                    0x00004785   Thumb Code    34  flash.o(.text)
    check_flymode                            0x000047c5   Thumb Code   956  altitude.o(.text)
    spl0601_start_continuous                 0x00004ba5   Thumb Code    18  baro.o(.text)
    spl0601_rateset                          0x00004bb7   Thumb Code   354  baro.o(.text)
    spl0601_get_calib_param                  0x00004d19   Thumb Code   448  baro.o(.text)
    spl0601_init                             0x00004ed9   Thumb Code    50  baro.o(.text)
    spl0601_start_temperature                0x00004f0b   Thumb Code    16  baro.o(.text)
    spl0601_start_pressure                   0x00004f1b   Thumb Code    16  baro.o(.text)
    spl0601_get_raw_temp                     0x00004f2b   Thumb Code    52  baro.o(.text)
    spl0601_get_raw_pressure                 0x00004f5f   Thumb Code    52  baro.o(.text)
    spl0601_get_temperature                  0x00004f93   Thumb Code    80  baro.o(.text)
    spl0601_get_pressure                     0x00004fe3   Thumb Code   220  baro.o(.text)
    baro_average_pid                         0x000050bf   Thumb Code   104  baro.o(.text)
    ReadBaro                                 0x00005127   Thumb Code    64  baro.o(.text)
    param_modify                             0x0000518d   Thumb Code   154  altitude1.o(.text)
    check_stop                               0x00005227   Thumb Code   330  altitude1.o(.text)
    altitude_out                             0x0000562b   Thumb Code   426  altitude1.o(.text)
    accel_baro_mag_gps_calculator            0x000057d5   Thumb Code   232  altitude1.o(.text)
    ahrs_update_R_bf_to_ef                   0x000058bd   Thumb Code   160  altitude1.o(.text)
    initialize_system_parameter              0x000059bd   Thumb Code   136  state_estimation.o(.text)
    initialize_state_parameter               0x00005a45   Thumb Code   132  state_estimation.o(.text)
    timeUpdate_covariance                    0x00005ac9   Thumb Code   164  state_estimation.o(.text)
    timeUpdate_state                         0x00005b6d   Thumb Code   140  state_estimation.o(.text)
    TimeUpdate                               0x00005bf9   Thumb Code    22  state_estimation.o(.text)
    ObservationUpdate                        0x00005c0f   Thumb Code   364  state_estimation.o(.text)
    __I$use$semihosting                      0x00005dd5   Thumb Code     0  use_no_semi.o(.text)
    __use_no_semihosting_swi                 0x00005dd5   Thumb Code     2  use_no_semi.o(.text)
    __aeabi_lmul                             0x00005dd7   Thumb Code    48  llmul.o(.text)
    _ll_mul                                  0x00005dd7   Thumb Code     0  llmul.o(.text)
    _memset_w                                0x00005e07   Thumb Code    26  rt_memclr.o(.text)
    _memset                                  0x00005e21   Thumb Code    30  rt_memclr.o(.text)
    __aeabi_memclr                           0x00005e3f   Thumb Code     4  rt_memclr.o(.text)
    __rt_memclr                              0x00005e3f   Thumb Code     0  rt_memclr.o(.text)
    __aeabi_memclr4                          0x00005e43   Thumb Code     0  rt_memclr.o(.text)
    __aeabi_memclr8                          0x00005e43   Thumb Code     0  rt_memclr.o(.text)
    __rt_memclr_w                            0x00005e43   Thumb Code     4  rt_memclr.o(.text)
    __aeabi_uidiv                            0x00005e47   Thumb Code     0  aeabi_sdiv.o(.text)
    __aeabi_uidivmod                         0x00005e47   Thumb Code    20  aeabi_sdiv.o(.text)
    __aeabi_idiv                             0x00005e5b   Thumb Code     0  aeabi_sdiv.o(.text)
    __aeabi_idivmod                          0x00005e5b   Thumb Code   326  aeabi_sdiv.o(.text)
    __use_two_region_memory                  0x00005fa1   Thumb Code     2  heapauxi.o(.text)
    __rt_heap_escrow$2region                 0x00005fa3   Thumb Code     2  heapauxi.o(.text)
    __rt_heap_expand$2region                 0x00005fa5   Thumb Code     2  heapauxi.o(.text)
    __aeabi_d2f                              0x00005fa9   Thumb Code     0  d2f.o(.text)
    _d2f                                     0x00005fa9   Thumb Code   120  d2f.o(.text)
    __aeabi_dadd                             0x00006317   Thumb Code     0  daddsub.o(.text)
    _dadd                                    0x00006317   Thumb Code    22  daddsub.o(.text)
    __aeabi_dsub                             0x0000632d   Thumb Code     0  daddsub.o(.text)
    _dsub                                    0x0000632d   Thumb Code    22  daddsub.o(.text)
    __aeabi_drsub                            0x00006343   Thumb Code     0  daddsub.o(.text)
    _drsb                                    0x00006343   Thumb Code    24  daddsub.o(.text)
    __aeabi_ddiv                             0x00006371   Thumb Code     0  ddiv.o(.text)
    _ddiv                                    0x00006371   Thumb Code  1076  ddiv.o(.text)
    _drdiv                                   0x000067a5   Thumb Code    20  ddiv.o(.text)
    __aeabi_d2iz                             0x000067bd   Thumb Code     0  dfixi.o(.text)
    _dfix                                    0x000067bd   Thumb Code    96  dfixi.o(.text)
    __aeabi_d2lz                             0x00006829   Thumb Code     0  dfixl.o(.text)
    _ll_sfrom_d                              0x00006829   Thumb Code   166  dfixl.o(.text)
    __aeabi_d2uiz                            0x000068d9   Thumb Code     0  dfixui.o(.text)
    _dfixu                                   0x000068d9   Thumb Code    62  dfixui.o(.text)
    __aeabi_i2d_normalise                    0x00006921   Thumb Code    66  dflti.o(.text)
    __aeabi_i2d                              0x00006963   Thumb Code    16  dflti.o(.text)
    _dflt                                    0x00006963   Thumb Code     0  dflti.o(.text)
    __aeabi_ui2d                             0x00006973   Thumb Code     6  dflti.o(.text)
    _dfltu                                   0x00006973   Thumb Code     0  dflti.o(.text)
    __aeabi_l2d_normalise                    0x00006979   Thumb Code   104  dfltl.o(.text)
    __aeabi_l2d                              0x000069e1   Thumb Code    20  dfltl.o(.text)
    _ll_sto_d                                0x000069e1   Thumb Code     0  dfltl.o(.text)
    __aeabi_ul2d                             0x000069f5   Thumb Code     4  dfltl.o(.text)
    _ll_uto_d                                0x000069f5   Thumb Code     0  dfltl.o(.text)
    __aeabi_dmul                             0x000069fd   Thumb Code     0  dmul.o(.text)
    _dmul                                    0x000069fd   Thumb Code   578  dmul.o(.text)
    __ARM_scalbn                             0x00006c55   Thumb Code    80  dscalbn.o(.text)
    __aeabi_f2d                              0x00006cb1   Thumb Code     0  f2d.o(.text)
    _f2d                                     0x00006cb1   Thumb Code    82  f2d.o(.text)
    __aeabi_fdiv                             0x00006d09   Thumb Code     0  fdiv.o(.text)
    _fdiv                                    0x00006d09   Thumb Code   336  fdiv.o(.text)
    _frdiv                                   0x00006e59   Thumb Code     8  fdiv.o(.text)
    __aeabi_f2iz                             0x00006e69   Thumb Code     0  ffixi.o(.text)
    _ffix                                    0x00006e69   Thumb Code    76  ffixi.o(.text)
    __aeabi_f2lz                             0x00006eb5   Thumb Code     0  ffixl.o(.text)
    _ll_sfrom_f                              0x00006eb5   Thumb Code   124  ffixl.o(.text)
    __aeabi_i2f_normalise                    0x00006f31   Thumb Code    72  fflti.o(.text)
    __aeabi_i2f                              0x00006f79   Thumb Code    16  fflti.o(.text)
    _fflt                                    0x00006f79   Thumb Code     0  fflti.o(.text)
    __aeabi_ui2f                             0x00006f89   Thumb Code     6  fflti.o(.text)
    _ffltu                                   0x00006f89   Thumb Code     0  fflti.o(.text)
    __aeabi_l2f_normalise                    0x00006f8f   Thumb Code   102  ffltl.o(.text)
    __aeabi_l2f                              0x00006ff5   Thumb Code    22  ffltl.o(.text)
    _ll_sto_f                                0x00006ff5   Thumb Code     0  ffltl.o(.text)
    __aeabi_ul2f                             0x0000700b   Thumb Code     6  ffltl.o(.text)
    _ll_uto_f                                0x0000700b   Thumb Code     0  ffltl.o(.text)
    __ARM_scalbnf                            0x00007011   Thumb Code    64  fscalbn.o(.text)
    __read_errno                             0x00007055   Thumb Code    10  _rserrno.o(.text)
    __set_errno                              0x0000705f   Thumb Code    12  _rserrno.o(.text)
    __fpl_dcmp_InfNaN                        0x0000706d   Thumb Code   140  dcmpin.o(.text)
    __fpl_fcmp_InfNaN                        0x000070fd   Thumb Code    96  fcmpin.o(.text)
    __aeabi_errno_addr                       0x00007161   Thumb Code     8  rt_errno_addr_intlibspace.o(.text)
    __errno$intlibspace                      0x00007161   Thumb Code     0  rt_errno_addr_intlibspace.o(.text)
    __rt_errno_addr$intlibspace              0x00007161   Thumb Code     0  rt_errno_addr_intlibspace.o(.text)
    __fpl_cmpreturn                          0x00007169   Thumb Code    42  cmpret.o(.text)
    __fpl_dcheck_NaN2                        0x00007199   Thumb Code    14  dnan2.o(.text)
    _dsqrt                                   0x000071ad   Thumb Code   250  dsqrt.o(.text)
    __fpl_fcheck_NaN2                        0x000072b1   Thumb Code    10  fnan2.o(.text)
    __user_libspace                          0x000072c1   Thumb Code     8  libspace.o(.text)
    __user_perproc_libspace                  0x000072c1   Thumb Code     0  libspace.o(.text)
    __user_perthread_libspace                0x000072c1   Thumb Code     0  libspace.o(.text)
    __user_setup_stackheap                   0x000072c9   Thumb Code    62  sys_stackheap_outer.o(.text)
    exit                                     0x00007307   Thumb Code    12  exit.o(.text)
    __fpl_return_NaN                         0x00007313   Thumb Code    94  retnan.o(.text)
    __decompress                             0x00007371   Thumb Code     0  __dczerorl2.o(.text)
    __decompress1                            0x00007371   Thumb Code    86  __dczerorl2.o(.text)
    Reset_Handler                            0x000073c9   Thumb Code     8  startup_hr8p506.o(INT)
    NMI_HANDLER                              0x000073d1   Thumb Code     8  startup_hr8p506.o(INT)
    HARDFAULT_HANDLER                        0x000073d9   Thumb Code     8  startup_hr8p506.o(INT)
    SVC_HANDLER                              0x000073e1   Thumb Code     8  startup_hr8p506.o(INT)
    PENDSV_HANDLER                           0x000073e9   Thumb Code     8  startup_hr8p506.o(INT)
    PINT0_HANDLER                            0x000073f9   Thumb Code     8  startup_hr8p506.o(INT)
    PINT1_HANDLER                            0x00007401   Thumb Code     8  startup_hr8p506.o(INT)
    PINT2_HANDLER                            0x00007409   Thumb Code     8  startup_hr8p506.o(INT)
    PINT3_HANDLER                            0x00007411   Thumb Code     8  startup_hr8p506.o(INT)
    PINT4_HANDLER                            0x00007419   Thumb Code     8  startup_hr8p506.o(INT)
    PINT5_HANDLER                            0x00007421   Thumb Code     8  startup_hr8p506.o(INT)
    PINT6_HANDLER                            0x00007429   Thumb Code     8  startup_hr8p506.o(INT)
    PINT7_HANDLER                            0x00007431   Thumb Code     8  startup_hr8p506.o(INT)
    T16N0_HANDLER                            0x00007439   Thumb Code     8  startup_hr8p506.o(INT)
    T16N1_HANDLER                            0x00007441   Thumb Code     8  startup_hr8p506.o(INT)
    T16N2_HANDLER                            0x00007449   Thumb Code     8  startup_hr8p506.o(INT)
    T16N3_HANDLER                            0x00007451   Thumb Code     8  startup_hr8p506.o(INT)
    T32N0_HANDLER                            0x00007459   Thumb Code     8  startup_hr8p506.o(INT)
    T32N1_HANDLER                            0x00007461   Thumb Code     8  startup_hr8p506.o(INT)
    TWDT_HANDLER                             0x00007469   Thumb Code     8  startup_hr8p506.o(INT)
    TRTC_HANDLER                             0x00007471   Thumb Code     8  startup_hr8p506.o(INT)
    KINT_HANDLER                             0x00007479   Thumb Code     8  startup_hr8p506.o(INT)
    ADC_HANDLER                              0x00007481   Thumb Code     8  startup_hr8p506.o(INT)
    LCD_HANDLER                              0x00007489   Thumb Code     8  startup_hr8p506.o(INT)
    UART0_HANDLER                            0x00007491   Thumb Code     8  startup_hr8p506.o(INT)
    UART1_HANDLER                            0x00007499   Thumb Code     8  startup_hr8p506.o(INT)
    EUART0_HANDLER                           0x000074a1   Thumb Code     8  startup_hr8p506.o(INT)
    SPI0_HANDLER                             0x000074a9   Thumb Code     8  startup_hr8p506.o(INT)
    SPI1_HANDLER                             0x000074b1   Thumb Code     8  startup_hr8p506.o(INT)
    I2C0_HANDLER                             0x000074b9   Thumb Code     8  startup_hr8p506.o(INT)
    I2C1_HANDLER                             0x000074c1   Thumb Code     8  startup_hr8p506.o(INT)
    CCM_HANDLER                              0x000074c9   Thumb Code     8  startup_hr8p506.o(INT)
    __user_initial_stackheap                 0x000074d1   Thumb Code     0  startup_hr8p506.o(INT)
    __ARM_common_ll_muluu                    0x000074ed   Thumb Code    50  rred.o(i.__ARM_common_ll_muluu)
    __ARM_fpclassify                         0x00007521   Thumb Code    38  fpclassify.o(i.__ARM_fpclassify)
    __ieee754_rem_pio2                       0x0000754d   Thumb Code   844  rred.o(i.__ieee754_rem_pio2)
    __kernel_cos                             0x000078e9   Thumb Code   224  cos_i.o(i.__kernel_cos)
    __kernel_poly                            0x000079dd   Thumb Code   172  poly.o(i.__kernel_poly)
    __kernel_sin                             0x00007a89   Thumb Code   222  sin_i.o(i.__kernel_sin)
    __mathlib_dbl_underflow                  0x00007b75   Thumb Code    14  dunder.o(i.__mathlib_dbl_underflow)
    asin                                     0x00007b89   Thumb Code   584  asin.o(i.asin)
    atan                                     0x00007e05   Thumb Code   474  atan.o(i.atan)
    atan2                                    0x00008025   Thumb Code   336  atan2.o(i.atan2)
    cos                                      0x0000819d   Thumb Code   152  cos.o(i.cos)
    sin                                      0x0000823d   Thumb Code   156  sin.o(i.sin)
    sqrt                                     0x000082e1   Thumb Code    66  sqrt.o(i.sqrt)
    __aeabi_cdcmple                          0x00008329   Thumb Code     0  dlef.o(x$fpl$dleqf)
    _dcmple                                  0x00008329   Thumb Code    94  dlef.o(x$fpl$dleqf)
    __aeabi_fadd                             0x0000838d   Thumb Code     0  faddsub.o(x$fpl$fadd)
    _fadd                                    0x0000838d   Thumb Code   134  faddsub.o(x$fpl$fadd)
    __aeabi_cfcmple                          0x00008419   Thumb Code     0  flef.o(x$fpl$fleqf)
    _fcmple                                  0x00008419   Thumb Code    78  flef.o(x$fpl$fleqf)
    __aeabi_fmul                             0x0000846d   Thumb Code     0  fmul.o(x$fpl$fmul)
    _fmul                                    0x0000846d   Thumb Code   172  fmul.o(x$fpl$fmul)
    __aeabi_cfrcmple                         0x0000851d   Thumb Code     0  frlef.o(x$fpl$frleqf)
    _frcmple                                 0x0000851d   Thumb Code    84  frlef.o(x$fpl$frleqf)
    __aeabi_frsub                            0x00008575   Thumb Code     0  faddsub.o(x$fpl$frsb)
    _frsb                                    0x00008575   Thumb Code    24  faddsub.o(x$fpl$frsb)
    __aeabi_fsub                             0x0000858d   Thumb Code     0  faddsub.o(x$fpl$fsub)
    _fsub                                    0x0000858d   Thumb Code   204  faddsub.o(x$fpl$fsub)
    __I$use$fp                               0x0000865c   Number         0  usenofp.o(x$fpl$usenofp)
    _hw2000_channel_table                    0x0000865c   Data          40  scu.o(.constdata)
    __mathlib_zero                           0x00008880   Data           8  qnan.o(.constdata)
    Region$$Table$$Base                      0x00008978   Number         0  anon$$obj.o(Region$$Table)
    Region$$Table$$Limit                     0x00008998   Number         0  anon$$obj.o(Region$$Table)
    lost_timer                               0x20000008   Data           2  scu.o(.data)
    lowlvdtimer                              0x20000019   Data           1  interrupt.o(.data)
    thr_gears                                0x2000004a   Data           2  app.o(.data)
    motor_start_timer                        0x2000004c   Data           2  app.o(.data)
    throttle_stick                           0x200000f0   Data           4  app.o(.data)
    pitch_stick                              0x200000f4   Data           4  app.o(.data)
    roll_stick                               0x200000f8   Data           4  app.o(.data)
    yaw_stick                                0x200000fc   Data           4  app.o(.data)
    Power_average                            0x20000160   Data           4  app.o(.data)
    MV_GYRO_LPR                              0x20000188   Data           4  app.o(.data)
    MV_GYRO_LPR1                             0x2000018c   Data           4  app.o(.data)
    thr_curve                                0x200001c8   Data         180  app.o(.data)
    gvu32_SystemFlag                         0x20000288   Data           4  parameter.o(.data)
    gvu32_SystemRunTime                      0x2000028c   Data           4  parameter.o(.data)
    gvu32_ImuSamFeqCnt                       0x20000290   Data           4  parameter.o(.data)
    gvu8_U1ReceiveBufCnt                     0x20000294   Data           1  parameter.o(.data)
    gven_LedFlashKind                        0x20000295   Data           1  parameter.o(.data)
    _hw2000_irq_request                      0x20000296   Data           1  parameter.o(.data)
    indexcount                               0x20000297   Data           1  parameter.o(.data)
    FLAGA                                    0x20000298   Data           4  parameter.o(.data)
    START_MODE                               0x2000029c   Data           1  parameter.o(.data)
    START_TEST_TIMER                         0x2000029e   Data           2  parameter.o(.data)
    sleep_timer                              0x200002a0   Data           2  parameter.o(.data)
    realthrottlesave                         0x200002a4   Data           4  parameter.o(.data)
    hold_high_statue                         0x200002a8   Data           1  parameter.o(.data)
    dg_updown                                0x200002aa   Data           2  parameter.o(.data)
    tx_rx_delayms                            0x200002ac   Data           2  parameter.o(.data)
    ak                                       0x200002b0   Data           4  parameter.o(.data)
    spin_rate_rad_s                          0x200002b4   Data           4  parameter.o(.data)
    carrier_time_count                       0x200002b8   Data           1  parameter.o(.data)
    signal_strength                          0x200002b9   Data           1  parameter.o(.data)
    signal_display                           0x200002ba   Data           1  parameter.o(.data)
    throttle_stop_time                       0x200002bb   Data           1  parameter.o(.data)
    accel_outhand                            0x200002bc   Data           2  parameter.o(.data)
    link_select                              0x200002be   Data           1  parameter.o(.data)
    quad_id                                  0x200002c0   Data           4  parameter.o(.data)
    quad_idf                                 0x200002c4   Data           4  parameter.o(.data)
    quad_unlock                              0x200002c8   Data           1  parameter.o(.data)
    channel                                  0x200002c9   Data           5  parameter.o(.data)
    channel_num                              0x200002ce   Data           1  parameter.o(.data)
    life                                     0x200002d0   Data           2  parameter.o(.data)
    ms_count                                 0x200002d4   Data           4  parameter.o(.data)
    H_I                                      0x200002d8   Data           4  parameter.o(.data)
    H_I_average                              0x200002dc   Data           4  parameter.o(.data)
    H_I_start                                0x200002e0   Data           4  parameter.o(.data)
    fblr_state                               0x200002e4   Data           1  parameter.o(.data)
    accel_out                                0x200002e6   Data           2  parameter.o(.data)
    real_accz                                0x200002e8   Data           2  parameter.o(.data)
    data1a                                   0x200002ea   Data           2  parameter.o(.data)
    data2a                                   0x200002ec   Data           2  parameter.o(.data)
    baro_home                                0x200002f0   Data           4  parameter.o(.data)
    _hw2000_state                            0x200002f4   Data           1  hw2000.o(.data)
    h_target                                 0x20000324   Data           4  altitude1.o(.data)
    h_targetf                                0x2000033c   Data           4  altitude1.o(.data)
    baro_acc_alt                             0x20000368   Data           8  altitude1.o(.data)
    delta_t                                  0x20000370   Data           2  state_estimation.o(.data)
    delta_t2                                 0x20000372   Data           2  state_estimation.o(.data)
    Q_acc_dt2                                0x20000378   Data           8  state_estimation.o(.data)
    R_barometer                              0x20000380   Data           4  state_estimation.o(.data)
    TWO_DELTA_T                              0x20000384   Data           2  state_estimation.o(.data)
    velocity                                 0x20000388   Data           8  state_estimation.o(.data)
    altitude                                 0x20000390   Data           8  state_estimation.o(.data)
    cov_velocity_velocity                    0x20000398   Data           4  state_estimation.o(.data)
    cov_velocity_altitude                    0x2000039c   Data           4  state_estimation.o(.data)
    cov_altitude_altitude                    0x200003a0   Data           4  state_estimation.o(.data)
    gyro_acc_data                            0x200004e4   Data          64  parameter.o(.bss)
    gvst_ThisHal                             0x20000524   Data          64  parameter.o(.bss)
    gvst_ThisBird                            0x20000564   Data         188  parameter.o(.bss)
    gvu8_U1ReceiveBuf                        0x20000620   Data          11  parameter.o(.bss)
    dataTel                                  0x2000062b   Data          20  parameter.o(.bss)
    dataTX                                   0x2000063f   Data          10  parameter.o(.bss)
    vehicle_att                              0x20000678   Data          64  altitude1.o(.bss)
    __libspace_start                         0x200006b8   Data          96  libspace.o(.bss)
    __temporary_stack_top$libspace           0x20000718   Data           0  libspace.o(.bss)



==============================================================================

Memory Map of the image

  Image Entry point : 0x000000c1

  Load Region LR_IROM1 (Base: 0x00000000, Size: 0x00008d3c, Max: 0x00009000, ABSOLUTE, COMPRESSED[0x00008ab8])

    Execution Region ER_IROM1 (Base: 0x00000000, Size: 0x00008998, Max: 0x00009000, ABSOLUTE)

    Base Addr    Size         Type   Attr      Idx    E Section Name        Object

    0x00000000   0x000000c0   Data   RO            3    RESET               startup_hr8p506.o
    0x000000c0   0x00000008   Code   RO          416  * !!!main             c_p.l(__main.o)
    0x000000c8   0x0000003c   Code   RO          727    !!!scatter          c_p.l(__scatter.o)
    0x00000104   0x0000001c   Code   RO          729    !!handler_zi        c_p.l(__scatter_zi.o)
    0x00000120   0x00000002   Code   RO          602    .ARM.Collect$$libinit$$00000000  c_p.l(libinit.o)
    0x00000122   0x00000004   Code   RO          614    .ARM.Collect$$libinit$$00000001  c_p.l(libinit2.o)
    0x00000126   0x00000000   Code   RO          618    .ARM.Collect$$libinit$$00000008  c_p.l(libinit2.o)
    0x00000126   0x00000000   Code   RO          620    .ARM.Collect$$libinit$$0000000A  c_p.l(libinit2.o)
    0x00000126   0x00000000   Code   RO          622    .ARM.Collect$$libinit$$0000000C  c_p.l(libinit2.o)
    0x00000126   0x00000000   Code   RO          625    .ARM.Collect$$libinit$$0000000F  c_p.l(libinit2.o)
    0x00000126   0x00000000   Code   RO          627    .ARM.Collect$$libinit$$00000011  c_p.l(libinit2.o)
    0x00000126   0x00000000   Code   RO          629    .ARM.Collect$$libinit$$00000013  c_p.l(libinit2.o)
    0x00000126   0x00000000   Code   RO          631    .ARM.Collect$$libinit$$00000015  c_p.l(libinit2.o)
    0x00000126   0x00000000   Code   RO          633    .ARM.Collect$$libinit$$00000017  c_p.l(libinit2.o)
    0x00000126   0x00000000   Code   RO          635    .ARM.Collect$$libinit$$00000019  c_p.l(libinit2.o)
    0x00000126   0x00000000   Code   RO          637    .ARM.Collect$$libinit$$0000001B  c_p.l(libinit2.o)
    0x00000126   0x00000000   Code   RO          639    .ARM.Collect$$libinit$$0000001D  c_p.l(libinit2.o)
    0x00000126   0x00000000   Code   RO          641    .ARM.Collect$$libinit$$0000001F  c_p.l(libinit2.o)
    0x00000126   0x00000000   Code   RO          643    .ARM.Collect$$libinit$$00000021  c_p.l(libinit2.o)
    0x00000126   0x00000000   Code   RO          645    .ARM.Collect$$libinit$$00000023  c_p.l(libinit2.o)
    0x00000126   0x00000000   Code   RO          649    .ARM.Collect$$libinit$$0000002A  c_p.l(libinit2.o)
    0x00000126   0x00000000   Code   RO          651    .ARM.Collect$$libinit$$0000002C  c_p.l(libinit2.o)
    0x00000126   0x00000000   Code   RO          653    .ARM.Collect$$libinit$$0000002E  c_p.l(libinit2.o)
    0x00000126   0x00000000   Code   RO          655    .ARM.Collect$$libinit$$00000030  c_p.l(libinit2.o)
    0x00000126   0x00000002   Code   RO          656    .ARM.Collect$$libinit$$00000031  c_p.l(libinit2.o)
    0x00000128   0x00000002   Code   RO          682    .ARM.Collect$$libshutdown$$00000000  c_p.l(libshutdown.o)
    0x0000012a   0x00000000   Code   RO          710    .ARM.Collect$$libshutdown$$00000003  c_p.l(libshutdown2.o)
    0x0000012a   0x00000000   Code   RO          713    .ARM.Collect$$libshutdown$$00000006  c_p.l(libshutdown2.o)
    0x0000012a   0x00000000   Code   RO          716    .ARM.Collect$$libshutdown$$00000009  c_p.l(libshutdown2.o)
    0x0000012a   0x00000000   Code   RO          718    .ARM.Collect$$libshutdown$$0000000B  c_p.l(libshutdown2.o)
    0x0000012a   0x00000000   Code   RO          721    .ARM.Collect$$libshutdown$$0000000E  c_p.l(libshutdown2.o)
    0x0000012a   0x00000002   Code   RO          722    .ARM.Collect$$libshutdown$$0000000F  c_p.l(libshutdown2.o)
    0x0000012c   0x00000000   Code   RO          502    .ARM.Collect$$rtentry$$00000000  c_p.l(rtentry.o)
    0x0000012c   0x00000000   Code   RO          556    .ARM.Collect$$rtentry$$00000002  c_p.l(rtentry2.o)
    0x0000012c   0x00000006   Code   RO          568    .ARM.Collect$$rtentry$$00000004  c_p.l(rtentry4.o)
    0x00000132   0x00000000   Code   RO          558    .ARM.Collect$$rtentry$$00000009  c_p.l(rtentry2.o)
    0x00000132   0x00000004   Code   RO          559    .ARM.Collect$$rtentry$$0000000A  c_p.l(rtentry2.o)
    0x00000136   0x00000000   Code   RO          561    .ARM.Collect$$rtentry$$0000000C  c_p.l(rtentry2.o)
    0x00000136   0x00000008   Code   RO          562    .ARM.Collect$$rtentry$$0000000D  c_p.l(rtentry2.o)
    0x0000013e   0x00000002   Code   RO          606    .ARM.Collect$$rtexit$$00000000  c_p.l(rtexit.o)
    0x00000140   0x00000000   Code   RO          658    .ARM.Collect$$rtexit$$00000002  c_p.l(rtexit2.o)
    0x00000140   0x00000004   Code   RO          659    .ARM.Collect$$rtexit$$00000003  c_p.l(rtexit2.o)
    0x00000144   0x00000006   Code   RO          660    .ARM.Collect$$rtexit$$00000004  c_p.l(rtexit2.o)
    0x0000014a   0x00000002   PAD
    0x0000014c   0x00000010   Code   RO          301    .emb_text           flash.o
    0x0000015c   0x00000038   Code   RO          404    .emb_text           c_p.l(rt_memcpy.o)
    0x00000194   0x000001d0   Code   RO           10    .text               main.o
    0x00000364   0x00000af8   Code   RO           79    .text               scu.o
    0x00000e5c   0x00000434   Code   RO           95    .text               interrupt.o
    0x00001290   0x00002af0   Code   RO          113    .text               app.o
    0x00003d80   0x00000258   Code   RO          140    .text               fylib.o
    0x00003fd8   0x0000018c   Code   RO          164    .text               hal.o
    0x00004164   0x000004c0   Code   RO          264    .text               hw2000.o
    0x00004624   0x00000014   Code   RO          286    .text               timer.o
    0x00004638   0x0000018c   Code   RO          302    .text               flash.o
    0x000047c4   0x000003e0   Code   RO          317    .text               altitude.o
    0x00004ba4   0x000005e8   Code   RO          334    .text               baro.o
    0x0000518c   0x00000830   Code   RO          356    .text               altitude1.o
    0x000059bc   0x00000418   Code   RO          380    .text               state_estimation.lib(state_estimation.o)
    0x00005dd4   0x00000002   Code   RO          400    .text               c_p.l(use_no_semi.o)
    0x00005dd6   0x00000030   Code   RO          402    .text               c_p.l(llmul.o)
    0x00005e06   0x00000040   Code   RO          408    .text               c_p.l(rt_memclr.o)
    0x00005e46   0x0000015a   Code   RO          410    .text               c_p.l(aeabi_sdiv.o)
    0x00005fa0   0x00000006   Code   RO          414    .text               c_p.l(heapauxi.o)
    0x00005fa6   0x00000002   PAD
    0x00005fa8   0x0000007c   Code   RO          418    .text               fz_ps.l(d2f.o)
    0x00006024   0x0000034c   Code   RO          420    .text               fz_ps.l(daddsub.o)
    0x00006370   0x0000044c   Code   RO          422    .text               fz_ps.l(ddiv.o)
    0x000067bc   0x0000006c   Code   RO          425    .text               fz_ps.l(dfixi.o)
    0x00006828   0x000000b0   Code   RO          427    .text               fz_ps.l(dfixl.o)
    0x000068d8   0x00000048   Code   RO          429    .text               fz_ps.l(dfixui.o)
    0x00006920   0x00000058   Code   RO          431    .text               fz_ps.l(dflti.o)
    0x00006978   0x00000084   Code   RO          433    .text               fz_ps.l(dfltl.o)
    0x000069fc   0x00000258   Code   RO          437    .text               fz_ps.l(dmul.o)
    0x00006c54   0x0000005c   Code   RO          439    .text               fz_ps.l(dscalbn.o)
    0x00006cb0   0x00000058   Code   RO          441    .text               fz_ps.l(f2d.o)
    0x00006d08   0x00000160   Code   RO          449    .text               fz_ps.l(fdiv.o)
    0x00006e68   0x0000004c   Code   RO          452    .text               fz_ps.l(ffixi.o)
    0x00006eb4   0x0000007c   Code   RO          454    .text               fz_ps.l(ffixl.o)
    0x00006f30   0x0000005e   Code   RO          456    .text               fz_ps.l(fflti.o)
    0x00006f8e   0x00000082   Code   RO          458    .text               fz_ps.l(ffltl.o)
    0x00007010   0x00000044   Code   RO          466    .text               fz_ps.l(fscalbn.o)
    0x00007054   0x00000016   Code   RO          507    .text               c_p.l(_rserrno.o)
    0x0000706a   0x00000002   PAD
    0x0000706c   0x00000090   Code   RO          509    .text               fz_ps.l(dcmpin.o)
    0x000070fc   0x00000064   Code   RO          511    .text               fz_ps.l(fcmpin.o)
    0x00007160   0x00000008   Code   RO          575    .text               c_p.l(rt_errno_addr_intlibspace.o)
    0x00007168   0x00000030   Code   RO          577    .text               fz_ps.l(cmpret.o)
    0x00007198   0x00000014   Code   RO          579    .text               fz_ps.l(dnan2.o)
    0x000071ac   0x00000104   Code   RO          581    .text               fz_ps.l(dsqrt.o)
    0x000072b0   0x00000010   Code   RO          583    .text               fz_ps.l(fnan2.o)
    0x000072c0   0x00000008   Code   RO          585    .text               c_p.l(libspace.o)
    0x000072c8   0x0000003e   Code   RO          588    .text               c_p.l(sys_stackheap_outer.o)
    0x00007306   0x0000000c   Code   RO          591    .text               c_p.l(exit.o)
    0x00007312   0x0000005e   Code   RO          603    .text               fz_ps.l(retnan.o)
    0x00007370   0x00000056   Code   RO          725    .text               c_p.l(__dczerorl2.o)
    0x000073c6   0x00000002   PAD
    0x000073c8   0x00000124   Code   RO            4    INT                 startup_hr8p506.o
    0x000074ec   0x00000032   Code   RO          539    i.__ARM_common_ll_muluu  m_ps.l(rred.o)
    0x0000751e   0x00000002   PAD
    0x00007520   0x0000002c   Code   RO          529    i.__ARM_fpclassify  m_ps.l(fpclassify.o)
    0x0000754c   0x0000039c   Code   RO          534    i.__ieee754_rem_pio2  m_ps.l(rred.o)
    0x000078e8   0x000000f4   Code   RO          524    i.__kernel_cos      m_ps.l(cos_i.o)
    0x000079dc   0x000000ac   Code   RO          531    i.__kernel_poly     m_ps.l(poly.o)
    0x00007a88   0x000000ec   Code   RO          541    i.__kernel_sin      m_ps.l(sin_i.o)
    0x00007b74   0x00000014   Code   RO          527    i.__mathlib_dbl_underflow  m_ps.l(dunder.o)
    0x00007b88   0x0000027c   Code   RO          469    i.asin              m_ps.l(asin.o)
    0x00007e04   0x00000220   Code   RO          515    i.atan              m_ps.l(atan.o)
    0x00008024   0x00000178   Code   RO          479    i.atan2             m_ps.l(atan2.o)
    0x0000819c   0x000000a0   Code   RO          487    i.cos               m_ps.l(cos.o)
    0x0000823c   0x000000a4   Code   RO          495    i.sin               m_ps.l(sin.o)
    0x000082e0   0x00000048   Code   RO          548    i.sqrt              m_ps.l(sqrt.o)
    0x00008328   0x00000064   Code   RO          435    x$fpl$dleqf         fz_ps.l(dlef.o)
    0x0000838c   0x0000008c   Code   RO          443    x$fpl$fadd          fz_ps.l(faddsub.o)
    0x00008418   0x00000054   Code   RO          460    x$fpl$fleqf         fz_ps.l(flef.o)
    0x0000846c   0x000000b0   Code   RO          462    x$fpl$fmul          fz_ps.l(fmul.o)
    0x0000851c   0x00000058   Code   RO          464    x$fpl$frleqf        fz_ps.l(frlef.o)
    0x00008574   0x00000018   Code   RO          444    x$fpl$frsb          fz_ps.l(faddsub.o)
    0x0000858c   0x000000d0   Code   RO          445    x$fpl$fsub          fz_ps.l(faddsub.o)
    0x0000865c   0x00000000   Code   RO          513    x$fpl$usenofp       fz_ps.l(usenofp.o)
    0x0000865c   0x00000028   Data   RO           80    .constdata          scu.o
    0x00008684   0x00000024   Data   RO          265    .constdata          hw2000.o
    0x000086a8   0x00000080   Data   RO          423    .constdata          fz_ps.l(ddiv.o)
    0x00008728   0x00000040   Data   RO          450    .constdata          fz_ps.l(fdiv.o)
    0x00008768   0x00000050   Data   RO          470    .constdata          m_ps.l(asin.o)
    0x000087b8   0x00000098   Data   RO          516    .constdata          m_ps.l(atan.o)
    0x00008850   0x00000030   Data   RO          525    .constdata          m_ps.l(cos_i.o)
    0x00008880   0x00000008   Data   RO          533    .constdata          m_ps.l(qnan.o)
    0x00008888   0x000000c8   Data   RO          536    .constdata          m_ps.l(rred.o)
    0x00008950   0x00000028   Data   RO          542    .constdata          m_ps.l(sin_i.o)
    0x00008978   0x00000020   Data   RO          723    Region$$Table       anon$$obj.o


    Execution Region RW_IRAM1 (Base: 0x20000000, Size: 0x00000f18, Max: 0x00002000, ABSOLUTE, COMPRESSED[0x00000120])

    Base Addr    Size         Type   Attr      Idx    E Section Name        Object

    0x20000000   0x00000004   Data   RW           11    .data               main.o
    0x20000004   0x00000012   Data   RW           81    .data               scu.o
    0x20000016   0x00000002   PAD
    0x20000018   0x00000018   Data   RW           96    .data               interrupt.o
    0x20000030   0x0000024c   Data   RW          115    .data               app.o
    0x2000027c   0x00000004   Data   RW          141    .data               fylib.o
    0x20000280   0x00000008   Data   RW          166    .data               hal.o
    0x20000288   0x00000004   Data   RW          188    .data               parameter.o
    0x2000028c   0x00000004   Data   RW          189    .data               parameter.o
    0x20000290   0x00000004   Data   RW          190    .data               parameter.o
    0x20000294   0x00000001   Data   RW          192    .data               parameter.o
    0x20000295   0x00000001   Data   RW          195    .data               parameter.o
    0x20000296   0x00000001   Data   RW          196    .data               parameter.o
    0x20000297   0x00000001   Data   RW          197    .data               parameter.o
    0x20000298   0x00000004   Data   RW          198    .data               parameter.o
    0x2000029c   0x00000001   Data   RW          199    .data               parameter.o
    0x2000029d   0x00000001   PAD
    0x2000029e   0x00000002   Data   RW          200    .data               parameter.o
    0x200002a0   0x00000002   Data   RW          201    .data               parameter.o
    0x200002a2   0x00000002   PAD
    0x200002a4   0x00000004   Data   RW          204    .data               parameter.o
    0x200002a8   0x00000001   Data   RW          205    .data               parameter.o
    0x200002a9   0x00000001   PAD
    0x200002aa   0x00000002   Data   RW          206    .data               parameter.o
    0x200002ac   0x00000002   Data   RW          209    .data               parameter.o
    0x200002ae   0x00000002   PAD
    0x200002b0   0x00000004   Data   RW          217    .data               parameter.o
    0x200002b4   0x00000004   Data   RW          218    .data               parameter.o
    0x200002b8   0x00000001   Data   RW          219    .data               parameter.o
    0x200002b9   0x00000001   Data   RW          220    .data               parameter.o
    0x200002ba   0x00000001   Data   RW          221    .data               parameter.o
    0x200002bb   0x00000001   Data   RW          223    .data               parameter.o
    0x200002bc   0x00000002   Data   RW          224    .data               parameter.o
    0x200002be   0x00000001   Data   RW          225    .data               parameter.o
    0x200002bf   0x00000001   PAD
    0x200002c0   0x00000004   Data   RW          228    .data               parameter.o
    0x200002c4   0x00000004   Data   RW          229    .data               parameter.o
    0x200002c8   0x00000001   Data   RW          230    .data               parameter.o
    0x200002c9   0x00000005   Data   RW          231    .data               parameter.o
    0x200002ce   0x00000001   Data   RW          232    .data               parameter.o
    0x200002cf   0x00000001   PAD
    0x200002d0   0x00000002   Data   RW          234    .data               parameter.o
    0x200002d2   0x00000002   PAD
    0x200002d4   0x00000004   Data   RW          235    .data               parameter.o
    0x200002d8   0x00000004   Data   RW          236    .data               parameter.o
    0x200002dc   0x00000004   Data   RW          238    .data               parameter.o
    0x200002e0   0x00000004   Data   RW          240    .data               parameter.o
    0x200002e4   0x00000001   Data   RW          241    .data               parameter.o
    0x200002e5   0x00000001   PAD
    0x200002e6   0x00000002   Data   RW          243    .data               parameter.o
    0x200002e8   0x00000002   Data   RW          245    .data               parameter.o
    0x200002ea   0x00000002   Data   RW          246    .data               parameter.o
    0x200002ec   0x00000002   Data   RW          247    .data               parameter.o
    0x200002ee   0x00000002   PAD
    0x200002f0   0x00000004   Data   RW          248    .data               parameter.o
    0x200002f4   0x00000001   Data   RW          266    .data               hw2000.o
    0x200002f5   0x00000001   PAD
    0x200002f6   0x0000000a   Data   RW          318    .data               altitude.o
    0x20000300   0x00000010   Data   RW          336    .data               baro.o
    0x20000310   0x00000060   Data   RW          362    .data               altitude1.o
    0x20000370   0x00000034   Data   RW          381    .data               state_estimation.lib(state_estimation.o)
    0x200003a4   0x00000140   Zero   RW          114    .bss                app.o
    0x200004e4   0x00000040   Zero   RW          180    .bss                parameter.o
    0x20000524   0x00000040   Zero   RW          181    .bss                parameter.o
    0x20000564   0x000000bc   Zero   RW          182    .bss                parameter.o
    0x20000620   0x0000000b   Zero   RW          183    .bss                parameter.o
    0x2000062b   0x00000014   Zero   RW          185    .bss                parameter.o
    0x2000063f   0x0000000a   Zero   RW          186    .bss                parameter.o
    0x20000649   0x00000003   PAD
    0x2000064c   0x0000002c   Zero   RW          335    .bss                baro.o
    0x20000678   0x00000040   Zero   RW          358    .bss                altitude1.o
    0x200006b8   0x00000060   Zero   RW          586    .bss                c_p.l(libspace.o)
    0x20000718   0x00000000   Zero   RW            2    HEAP                startup_hr8p506.o
    0x20000718   0x00000800   Zero   RW            1    STACK               startup_hr8p506.o


==============================================================================

Image component sizes


      Code (inc. data)   RO Data    RW Data    ZI Data      Debug   Object Name

       992         36          0         10          0       1660   altitude.o
      2096        168          0         96         64       6195   altitude1.o
     10992        784          0        588        320      28060   app.o
      1512         54          0         16         44       5445   baro.o
       412         36          0          0          0       2859   flash.o
       600         18          0          4          0       6135   fylib.o
       396         20          0          8          0       1829   hal.o
      1216        128         36          1          0       4254   hw2000.o
      1076        140          0         24          0       2401   interrupt.o
       464         52          0          4          0      16229   main.o
         0          0          0         95        357      10900   parameter.o
      2808        306         40         18          0       8204   scu.o
       292         20        192          0       2048       1792   startup_hr8p506.o
        20          0          0          0          0        515   timer.o

    ----------------------------------------------------------------------
     22876       1762        300        880       2836      96478   Object Totals
         0          0         32          0          0          0   (incl. Generated)
         0          0          0         16          3          0   (incl. Padding)

    ----------------------------------------------------------------------

      Code (inc. data)   RO Data    RW Data    ZI Data      Debug   Library Member Name

        86          0          0          0          0          0   __dczerorl2.o
         8          0          0          0          0         68   __main.o
        60          8          0          0          0          0   __scatter.o
        28          0          0          0          0          0   __scatter_zi.o
        22          0          0          0          0         92   _rserrno.o
       346          0          0          0          0         92   aeabi_sdiv.o
        12          0          0          0          0         64   exit.o
         6          0          0          0          0        136   heapauxi.o
         2          0          0          0          0          0   libinit.o
         6          0          0          0          0          0   libinit2.o
         2          0          0          0          0          0   libshutdown.o
         2          0          0          0          0          0   libshutdown2.o
         8          4          0          0         96         68   libspace.o
        48          0          0          0          0         72   llmul.o
         8          4          0          0          0         68   rt_errno_addr_intlibspace.o
        64          0          0          0          0        108   rt_memclr.o
        56          0          0          0          0         68   rt_memcpy.o
         0          0          0          0          0          0   rtentry.o
        12          0          0          0          0          0   rtentry2.o
         6          0          0          0          0          0   rtentry4.o
         2          0          0          0          0          0   rtexit.o
        10          0          0          0          0          0   rtexit2.o
        62          0          0          0          0         80   sys_stackheap_outer.o
         2          0          0          0          0         68   use_no_semi.o
        48          6          0          0          0         60   cmpret.o
       124          4          0          0          0         72   d2f.o
       844         22          0          0          0        228   daddsub.o
       144          4          0          0          0         76   dcmpin.o
      1100         28        128          0          0        116   ddiv.o
       108         12          0          0          0         72   dfixi.o
       176         10          0          0          0         76   dfixl.o
        72         10          0          0          0         68   dfixui.o
        88          0          0          0          0         92   dflti.o
       132          4          0          0          0        100   dfltl.o
       100          4          0          0          0         92   dlef.o
       600         22          0          0          0         84   dmul.o
        20          6          0          0          0         68   dnan2.o
        92         12          0          0          0         72   dscalbn.o
       260         10          0          0          0         76   dsqrt.o
        88          6          0          0          0         60   f2d.o
       372          8          0          0          0        240   faddsub.o
       100          4          0          0          0         68   fcmpin.o
       352          8         64          0          0         88   fdiv.o
        76          0          0          0          0         68   ffixi.o
       124          0          0          0          0         72   ffixl.o
        94          0          0          0          0         92   fflti.o
       130          0          0          0          0        100   ffltl.o
        84          4          0          0          0         76   flef.o
       176          4          0          0          0         80   fmul.o
        16          6          0          0          0         68   fnan2.o
        88          4          0          0          0         76   frlef.o
        68          4          0          0          0         68   fscalbn.o
        94          0          0          0          0         68   retnan.o
         0          0          0          0          0          0   usenofp.o
       636         52         80          0          0        104   asin.o
       544         70        152          0          0        112   atan.o
       376         40          0          0          0        144   atan2.o
       160          8          0          0          0        104   cos.o
       244         20         48          0          0         92   cos_i.o
        20          6          0          0          0         68   dunder.o
        44          6          0          0          0         60   fpclassify.o
       172          0          0          0          0         76   poly.o
         0          0          8          0          0          0   qnan.o
       974         80        200          0          0        200   rred.o
       164          8          0          0          0        104   sin.o
       236         14         40          0          0        100   sin_i.o
        72          6          0          0          0         76   sqrt.o
      1048         90          0         52          0       3238   state_estimation.o

    ----------------------------------------------------------------------
     11328        618        720         52         96       8038   Library Totals
        10          0          0          0          0          0   (incl. Padding)

    ----------------------------------------------------------------------

      Code (inc. data)   RO Data    RW Data    ZI Data      Debug   Library Name

       858         16          0          0         96        984   c_p.l
      5770        202        192          0          0       2576   fz_ps.l
      3642        310        528          0          0       1240   m_ps.l
      1048         90          0         52          0       3238   state_estimation.lib

    ----------------------------------------------------------------------
     11328        618        720         52         96       8038   Library Totals

    ----------------------------------------------------------------------

==============================================================================


      Code (inc. data)   RO Data    RW Data    ZI Data      Debug   

     34204       2380       1020        932       2932     101140   Grand Totals
     34204       2380       1020        288       2932     101140   ELF Image Totals (compressed)
     34204       2380       1020        288          0          0   ROM Totals

==============================================================================

    Total RO  Size (Code + RO Data)                35224 (  34.40kB)
    Total RW  Size (RW Data + ZI Data)              3864 (   3.77kB)
    Total ROM Size (Code + RO Data + RW Data)      35512 (  34.68kB)

==============================================================================

